D:\Downloads\PK_Fit_Pro-Versão Web\pk-fit-agent-desktop\src\main\java\com\pkfit\agent\adapters\HenryAdapter.java
D:\Downloads\PK_Fit_Pro-Versão Web\pk-fit-agent-desktop\src\main\java\com\pkfit\agent\core\ConfigParser.java
D:\Downloads\PK_Fit_Pro-Versão Web\pk-fit-agent-desktop\src\main\java\com\pkfit\agent\supabase\SupabaseClient.java
D:\Downloads\PK_Fit_Pro-Versão Web\pk-fit-agent-desktop\src\main\java\com\pkfit\agent\adapters\ControlIdAdapter.java
D:\Downloads\PK_Fit_Pro-Versão Web\pk-fit-agent-desktop\src\main\java\com\pkfit\agent\Launcher.java
D:\Downloads\PK_Fit_Pro-Versão Web\pk-fit-agent-desktop\src\main\java\com\pkfit\agent\adapters\TopDataAdapter.java
D:\Downloads\PK_Fit_Pro-Versão Web\pk-fit-agent-desktop\src\main\java\com\pkfit\agent\core\AccessController.java
D:\Downloads\PK_Fit_Pro-Versão Web\pk-fit-agent-desktop\src\main\java\com\pkfit\agent\adapters\TurnstileAdapter.java
D:\Downloads\PK_Fit_Pro-Versão Web\pk-fit-agent-desktop\src\main\java\com\pkfit\agent\adapters\CredentialEvent.java
D:\Downloads\PK_Fit_Pro-Versão Web\pk-fit-agent-desktop\src\main\java\com\pkfit\agent\core\AppLogger.java
D:\Downloads\PK_Fit_Pro-Versão Web\pk-fit-agent-desktop\src\main\java\com\pkfit\agent\PkFitAgentDesktop.java
